[backblue.gif]
[fade.gif]
[index.html]
[localhost_8011/techsoft/wp-content/themes/astra/assets/fonts/astra.woff]
[localhost_8011/techsoft/feed/index.html]
[localhost_8011/techsoft/comments/feed/index.html]
[localhost_8011/techsoft/wp-content/plugins/elementor/assets/lib/eicons/fonts/eicons0b93.eot]
[localhost_8011/techsoft/wp-includes/js/jquery/jquery.min9d52.js]
[localhost_8011/techsoft/wp-includes/js/jquery/jquery-migrate.mind617.js]
[localhost_8011/techsoft/wp-content/plugins/elementor/assets/lib/font-awesome/js/v4-shims.mine5ca.js]
[localhost_8011/techsoft/wp-json/index.html]
[localhost_8011/techsoft/wp-json/wp/v2/pages/53.json]
[localhost_8011/techsoft/xmlrpc0db0.php]
[localhost_8011/techsoft/wp-json/oembed/1.0/embed1478.json]
[localhost_8011/techsoft/wp-json/oembed/1.0/embedf275]
[localhost_8011/techsoft/wp-content/uploads/2021/05/cropped-2574be27124c4486a6e9391038d3685a-1-1-1-32x32.png]
[localhost_8011/techsoft/wp-content/uploads/2021/05/cropped-2574be27124c4486a6e9391038d3685a-1-1-1-192x192.png]
[localhost_8011/techsoft/wp-content/uploads/2021/05/cropped-2574be27124c4486a6e9391038d3685a-1-1-1-180x180.png]
[localhost_8011/techsoft/wp-content/uploads/2021/05/cropped-2574be27124c4486a6e9391038d3685a-2-162x53.png]
[localhost_8011/techsoft/wp-content/uploads/2021/05/divider-free-img-1.png]
[localhost_8011/techsoft/wp-content/uploads/2021/05/bbbq-free-img.png]
[localhost_8011/techsoft/wp-content/uploads/2021/05/barbecue-food-1.jpg]
[localhost_8011/techsoft/wp-content/uploads/2021/05/barbecue-foods-2.jpg]
[localhost_8011/techsoft/wp-content/uploads/2021/05/mag1-free-img.png]
[localhost_8011/techsoft/wp-content/uploads/2021/05/mag4-free-img.png]
[localhost_8011/techsoft/wp-content/uploads/2021/05/mag2-free-img.png]
[localhost_8011/techsoft/wp-content/uploads/2021/05/mag3-free-img.png]
[localhost_8011/techsoft/wp-content/uploads/2021/05/food-dish-05.26.delayed]
[localhost_8011/techsoft/wp-content/uploads/2021/05/food4-free-img.png]
[localhost_8011/techsoft/wp-content/uploads/2021/05/food5-free-img.png]
[localhost_8011/techsoft/wp-content/uploads/2021/05/food-dish-06.png]
[localhost_8011/techsoft/wp-content/uploads/2021/05/food3-free-img.png]
[localhost_8011/techsoft/wp-content/uploads/2021/05/food6-free-img.png]
[localhost_8011/techsoft/wp-content/uploads/2021/05/bbq-free-img.png]
[localhost_8011/techsoft/wp-content/uploads/2021/05/client4-free-img.png]
[localhost_8011/techsoft/wp-content/uploads/2021/05/client1-free-img.png]
[localhost_8011/techsoft/wp-content/uploads/2021/05/client2-free-img.png]
[localhost_8011/techsoft/wp-content/uploads/2021/05/client3-free-img.png]
[localhost_8011/techsoft/wp-content/themes/astra/assets/js/minified/frontend.minedb1.js]
[localhost_8011/techsoft/wp-content/plugins/woocommerce/assets/js/jquery-blockui/jquery.blockUI.min44fd.js]
[localhost_8011/techsoft/wp-content/plugins/woocommerce/assets/js/frontend/add-to-cart.min9a8d.js]
[localhost_8011/techsoft/wp-content/plugins/woocommerce/assets/js/js-cookie/js.cookie.min6b25.js]
[localhost_8011/techsoft/wp-content/plugins/woocommerce/assets/js/frontend/woocommerce.min9a8d.js]
[localhost_8011/techsoft/wp-content/plugins/woocommerce/assets/js/frontend/cart-fragments.min9a8d.js]
[localhost_8011/techsoft/wp-content/plugins/elementor/assets/js/webpack.runtime.mine5ca.js]
[localhost_8011/techsoft/wp-content/plugins/elementor/assets/js/frontend-modules.mine5ca.js]
[localhost_8011/techsoft/wp-content/plugins/elementor/assets/lib/waypoints/waypoints.min05da.js]
[localhost_8011/techsoft/wp-includes/js/jquery/ui/core.min35d0.js]
[localhost_8011/techsoft/wp-content/plugins/elementor/assets/lib/swiper/swiper.min48f5.js]
[localhost_8011/techsoft/wp-content/plugins/elementor/assets/lib/share-link/share-link.mine5ca.js]
[localhost_8011/techsoft/wp-content/plugins/elementor/assets/lib/dialog/dialog.mina288.js]
[localhost_8011/techsoft/wp-content/plugins/elementor/assets/js/frontend.mine5ca.js]
[localhost_8011/techsoft/wp-content/plugins/elementor/assets/js/preloaded-modules.mine5ca.js]
[localhost_8011/techsoft/wp-includes/js/underscore.min4511.js]
[localhost_8011/techsoft/wp-includes/js/wp-util.min9f31.js]
[localhost_8011/techsoft/wp-content/plugins/wpforms-lite/assets/js/integrations/elementor/frontend.min694e.js]
[localhost_8011/techsoft/index.html]
[localhost_8011/techsoft/wp-content/themes/astra/assets/css/minified/frontend.minedb1.css]
[localhost_8011/techsoft/wp-content/themes/astra/assets/css/minified/menu-animation.minedb1.css]
[localhost_8011/techsoft/wp-includes/css/dist/block-library/style.min9f31.css]
[localhost_8011/techsoft/wp-content/plugins/woocommerce/packages/woocommerce-blocks/build/vendors-style5859.css]
[localhost_8011/techsoft/wp-content/plugins/woocommerce/packages/woocommerce-blocks/build/style5859.css]
[localhost_8011/techsoft/wp-content/themes/astra/assets/css/minified/compatibility/woocommerce/woocommerce-layout.minedb1.css]
[localhost_8011/techsoft/wp-content/themes/astra/assets/css/minified/compatibility/woocommerce/woocommerce-smallscreen.minedb1.css]
[localhost_8011/techsoft/wp-content/plugins/woocommerce/assets/fonts/star.eot]
[localhost_8011/techsoft/wp-content/plugins/woocommerce/assets/fonts/stard41d.eot]
[localhost_8011/techsoft/wp-content/plugins/woocommerce/assets/fonts/star.woff]
[localhost_8011/techsoft/wp-content/plugins/woocommerce/assets/fonts/star.ttf]
[localhost_8011/techsoft/wp-content/plugins/woocommerce/assets/fonts/WooCommerce.eot]
[localhost_8011/techsoft/wp-content/plugins/woocommerce/assets/fonts/WooCommerced41d.eot]
[localhost_8011/techsoft/wp-content/plugins/woocommerce/assets/fonts/WooCommerce.woff]
[localhost_8011/techsoft/wp-content/plugins/woocommerce/assets/fonts/WooCommerce.ttf]
[localhost_8011/techsoft/wp-content/plugins/woocommerce/assets/css/photoswipe/default-skin/default-skin.png]
[localhost_8011/techsoft/wp-content/themes/astra/assets/css/minified/compatibility/woocommerce/woocommerce.minedb1.css]
[localhost_8011/techsoft/wp-content/plugins/elementor/assets/lib/eicons/fonts/eiconsa481.eot]
[localhost_8011/techsoft/wp-content/plugins/elementor/assets/lib/eicons/fonts/eiconsa481.woff2]
[localhost_8011/techsoft/wp-content/plugins/elementor/assets/lib/eicons/fonts/eiconsa481.woff]
[localhost_8011/techsoft/wp-content/plugins/elementor/assets/lib/eicons/fonts/eiconsa481.ttf]
[localhost_8011/techsoft/wp-content/plugins/elementor/assets/lib/eicons/css/elementor-icons.min21f9.css]
[localhost_8011/techsoft/wp-content/plugins/elementor/assets/lib/animations/animations.mine5ca.css]
[localhost_8011/techsoft/wp-content/plugins/elementor/assets/css/frontend.mine5ca.css]
[localhost_8011/techsoft/wp-content/uploads/elementor/css/post-552259.css]
[localhost_8011/techsoft/wp-content/plugins/elementor/assets/lib/font-awesome/webfonts/fa-brands-400.eot]
[localhost_8011/techsoft/wp-content/plugins/elementor/assets/lib/font-awesome/webfonts/fa-brands-400.woff2]
[localhost_8011/techsoft/wp-content/plugins/elementor/assets/lib/font-awesome/webfonts/fa-brands-400d41d.eot]
[localhost_8011/techsoft/wp-content/plugins/elementor/assets/lib/font-awesome/webfonts/fa-brands-400.woff]
[localhost_8011/techsoft/wp-content/plugins/elementor/assets/lib/font-awesome/webfonts/fa-brands-400.ttf]
[localhost_8011/techsoft/wp-content/plugins/elementor/assets/lib/font-awesome/webfonts/fa-regular-400.eot]
[localhost_8011/techsoft/wp-content/plugins/elementor/assets/lib/font-awesome/webfonts/fa-regular-400.woff2]
[localhost_8011/techsoft/wp-content/plugins/elementor/assets/lib/font-awesome/webfonts/fa-regular-400d41d.eot]
[localhost_8011/techsoft/wp-content/plugins/elementor/assets/lib/font-awesome/webfonts/fa-regular-400.woff]
[localhost_8011/techsoft/wp-content/plugins/elementor/assets/lib/font-awesome/webfonts/fa-regular-400.ttf]
[localhost_8011/techsoft/wp-content/plugins/elementor/assets/lib/font-awesome/webfonts/fa-solid-900.eot]
[localhost_8011/techsoft/wp-content/plugins/elementor/assets/lib/font-awesome/webfonts/fa-solid-900d41d.eot]
[localhost_8011/techsoft/wp-content/plugins/elementor/assets/lib/font-awesome/webfonts/fa-solid-900.woff2]
[localhost_8011/techsoft/wp-content/plugins/elementor/assets/lib/font-awesome/webfonts/fa-solid-900.woff]
[localhost_8011/techsoft/wp-content/plugins/elementor/assets/lib/font-awesome/webfonts/fa-solid-900.ttf]
[localhost_8011/techsoft/wp-content/plugins/elementor/assets/lib/font-awesome/css/all.mine5ca.css]
[localhost_8011/techsoft/wp-content/plugins/elementor/assets/lib/font-awesome/css/v4-shims.mine5ca.css]
[localhost_8011/techsoft/wp-content/uploads/elementor/css/globala282.css]
[localhost_8011/techsoft/wp-content/uploads/2021/05/Barbecue-dish-item-2.jpg]
[localhost_8011/techsoft/wp-content/uploads/2021/05/Grill-food-banner.jpg]
[localhost_8011/techsoft/wp-content/uploads/2021/05/blackboard-bg-free-img.png]
[localhost_8011/techsoft/wp-content/uploads/2021/05/party-group-of-people.jpg]
[localhost_8011/techsoft/wp-content/uploads/2021/05/food-pattern-free-img.png]
[localhost_8011/techsoft/wp-content/uploads/elementor/css/post-53a282.css]
[localhost_8011/techsoft/wp-json/wp/v2/pages/69.json]
[localhost_8011/techsoft/wp-json/oembed/1.0/embed5d4a.json]
[localhost_8011/techsoft/wp-json/oembed/1.0/embed5e09]
[localhost_8011/techsoft/menu/index.html]
[localhost_8011/techsoft/wp-json/wp/v2/pages/142.json]
[localhost_8011/techsoft/wp-json/oembed/1.0/embedf12a.json]
[localhost_8011/techsoft/wp-json/oembed/1.0/embed4c11]
[localhost_8011/techsoft/wp-content/uploads/2021/05/gal8-150x150.jpg]
[localhost_8011/techsoft/wp-content/uploads/2021/05/gal6-150x150.jpg]
[localhost_8011/techsoft/wp-content/uploads/2021/05/slider6-150x150.jpg]
[localhost_8011/techsoft/wp-content/uploads/2021/05/slider2-1-150x150.jpg]
[localhost_8011/techsoft/wp-content/uploads/2021/05/drink4.jpg]
[localhost_8011/techsoft/wp-content/uploads/2021/05/drink3.jpg]
[localhost_8011/techsoft/wp-content/uploads/2021/05/drink1.jpg]
[localhost_8011/techsoft/wp-content/uploads/2021/05/drink2.jpg]
[localhost_8011/techsoft/items/index.html]
[localhost_8011/techsoft/wp-json/wp/v2/pages/65.json]
[localhost_8011/techsoft/wp-json/oembed/1.0/embedf074.json]
[localhost_8011/techsoft/wp-json/oembed/1.0/embed36ed]
[localhost_8011/techsoft/wp-content/uploads/2021/05/Barbecue-dish-item-1-1.jpg]
[localhost_8011/techsoft/wp-content/uploads/2021/05/Barbecue-dish-item-3.jpg]
[localhost_8011/techsoft/wp-content/uploads/2021/05/chef1-free-img.png]
[localhost_8011/techsoft/wp-content/uploads/2021/05/chef2-free-img.png]
[localhost_8011/techsoft/wp-content/uploads/2021/05/chef3-free-img.png]
[localhost_8011/techsoft/wp-content/uploads/2021/05/chef4-free-img.png]
[localhost_8011/techsoft/about-us/index.html]
[localhost_8011/techsoft/wp-json/wp/v2/pages/70.json]
[localhost_8011/techsoft/wp-json/oembed/1.0/embed50d7.json]
[localhost_8011/techsoft/wp-json/oembed/1.0/embed50a3]
[localhost_8011/techsoft/wp-content/plugins/wpforms-lite/assets/js/jquery.validate.minb3a6.js]
[localhost_8011/techsoft/wp-content/plugins/wpforms-lite/assets/js/mailcheck.mincfa9.js]
[localhost_8011/techsoft/contact-us/index.html]
[localhost_8011/techsoft/wp-content/plugins/wpforms-lite/assets/js/wpforms694e.js]
[localhost_8011/techsoft/wp-content/uploads/2021/05/food4-free-img-300x300.png]
[localhost_8011/techsoft/shop/feed/index.html]
[localhost_8011/techsoft/wp-content/uploads/2021/05/food-dish-06-300x300.png]
[localhost_8011/techsoft/wp-content/uploads/2018/10/food6-free-img-300x300.png]
[localhost_8011/techsoft/wp-content/uploads/2018/10/food3-free-img-300x300.png]
[localhost_8011/techsoft/wp-content/uploads/2021/05/food5-free-img-300x300.png]
[localhost_8011/techsoft/wp-content/uploads/2021/05/food-dish-05-300x300.png]
[localhost_8011/techsoft/wp-includes/js/jquery/ui/mouse.min35d0.js]
[localhost_8011/techsoft/wp-includes/js/jquery/ui/slider.min35d0.js]
[localhost_8011/techsoft/wp-content/plugins/woocommerce/assets/js/jquery-ui-touch-punch/jquery-ui-touch-punch.min9a8d.js]
[localhost_8011/techsoft/wp-content/plugins/woocommerce/assets/js/accounting/accounting.minaffb.js]
[localhost_8011/techsoft/wp-content/plugins/woocommerce/assets/js/frontend/price-slider.min9a8d.js]
[localhost_8011/techsoft/wp-content/plugins/woocommerce/assets/js/selectWoo/selectWoo.full.min0ba6.js]
[localhost_8011/techsoft/shop/index.html]
[localhost_8011/techsoft/wp-includes/js/zxcvbn-async.min5152.js]
[localhost_8011/techsoft/wp-json/wp/v2/pages/192.json]
[localhost_8011/techsoft/wp-json/oembed/1.0/embedcada.json]
[localhost_8011/techsoft/wp-json/oembed/1.0/embedfeab]
[localhost_8011/techsoft/wp-includes/js/dist/vendor/wp-polyfill.min89b1.js]
[localhost_8011/techsoft/wp-includes/js/dist/vendor/wp-polyfill-fetch.min6e0e.js]
[localhost_8011/techsoft/wp-includes/js/dist/vendor/wp-polyfill-node-contains.min2e00.js]
[localhost_8011/techsoft/wp-includes/js/dist/vendor/wp-polyfill-dom-rect.min2e00.js]
[localhost_8011/techsoft/wp-includes/js/dist/vendor/wp-polyfill-url.min5aed.js]
[localhost_8011/techsoft/wp-includes/js/dist/vendor/wp-polyfill-formdata.mine9bd.js]
[localhost_8011/techsoft/wp-includes/js/dist/vendor/wp-polyfill-element-closest.min4c56.js]
[localhost_8011/techsoft/wp-includes/js/dist/vendor/wp-polyfill-object-fit.min531b.js]
[localhost_8011/techsoft/wp-includes/js/dist/hooks.minf521.js]
[localhost_8011/techsoft/wp-includes/js/dist/i18n.min87d6.js]
[localhost_8011/techsoft/wp-admin/js/password-strength-meter.min9f31.js]
[localhost_8011/techsoft/wp-content/plugins/woocommerce/assets/js/frontend/password-strength-meter.min9a8d.js]
[localhost_8011/techsoft/my-account/index.html]
[localhost_8011/techsoft/wp-content/plugins/woocommerce/assets/fonts/star.svg]
[localhost_8011/techsoft/wp-content/plugins/woocommerce/assets/fonts/WooCommerce.svg]
[localhost_8011/techsoft/wp-content/plugins/woocommerce/assets/images/icons/loader.svg]
[localhost_8011/techsoft/wp-content/plugins/woocommerce/assets/images/icons/credit-cards/visa.svg]
[localhost_8011/techsoft/wp-content/plugins/woocommerce/assets/images/icons/credit-cards/mastercard.svg]
[localhost_8011/techsoft/wp-content/plugins/woocommerce/assets/images/icons/credit-cards/laser.svg]
[localhost_8011/techsoft/wp-content/plugins/woocommerce/assets/images/icons/credit-cards/diners.svg]
[localhost_8011/techsoft/wp-content/plugins/woocommerce/assets/images/icons/credit-cards/maestro.svg]
[localhost_8011/techsoft/wp-content/plugins/woocommerce/assets/images/icons/credit-cards/jcb.svg]
[localhost_8011/techsoft/wp-content/plugins/woocommerce/assets/images/icons/credit-cards/amex.svg]
[localhost_8011/techsoft/wp-content/plugins/woocommerce/assets/images/icons/credit-cards/discover.svg]
[localhost_8011/techsoft/wp-content/plugins/elementor/assets/lib/eicons/fonts/eiconsa481.svg]
[localhost_8011/techsoft/wp-content/plugins/elementor/assets/lib/font-awesome/webfonts/fa-brands-400.svg]
[localhost_8011/techsoft/wp-content/plugins/elementor/assets/lib/font-awesome/webfonts/fa-regular-400.svg]
[localhost_8011/techsoft/wp-content/plugins/elementor/assets/lib/font-awesome/webfonts/fa-solid-900.svg]
[localhost_8011/techsoft/wp-content/uploads/2021/05/banner1-free-img.jpg]
[localhost_8011/techsoft/wp-content/uploads/elementor/css/post-6946bc.css]
[localhost_8011/techsoft/indexe2dc.html]
[localhost_8011/techsoft/wp-content/uploads/2021/05/sl3.jpg]
[localhost_8011/techsoft/wp-content/uploads/2021/05/rawpixel-645297-unsplash.jpg]
[localhost_8011/techsoft/wp-content/uploads/2021/05/img11.jpg]
[localhost_8011/techsoft/wp-content/uploads/2021/05/img1.jpg]
[localhost_8011/techsoft/wp-content/uploads/2021/05/slider3.jpg]
[localhost_8011/techsoft/wp-content/uploads/elementor/css/post-1422283.css]
[localhost_8011/techsoft/indexee5b.html]
[localhost_8011/techsoft/wp-content/uploads/2021/05/cooked-dish.jpg]
[localhost_8011/techsoft/wp-content/uploads/2021/05/about-img-free-img.jpg]
[localhost_8011/techsoft/wp-content/uploads/elementor/css/post-6570af.css]
[localhost_8011/techsoft/wp-content/plugins/elementor/assets/lib/font-awesome/css/fontawesome.min9e0b.css]
[localhost_8011/techsoft/wp-content/plugins/elementor/assets/lib/font-awesome/css/solid.min9e0b.css]
[localhost_8011/techsoft/wp-content/plugins/elementor/assets/lib/font-awesome/css/brands.min9e0b.css]
[localhost_8011/techsoft/index7665.html]
[localhost_8011/techsoft/wp-content/plugins/wpforms-lite/assets/css/wpforms-full.min694e.css]
[localhost_8011/techsoft/wp-content/uploads/elementor/css/post-70b481.css]
[localhost_8011/techsoft/index3f3a.html]
[localhost_8011/techsoft/product/chicken-in-teriyaki-sauce/feed/index.html]
[localhost_8011/techsoft/wp-json/wp/v2/product/195.json]
[localhost_8011/techsoft/wp-json/oembed/1.0/embed89fe.json]
[localhost_8011/techsoft/wp-json/oembed/1.0/embed2aab]
[localhost_8011/techsoft/wp-content/plugins/woocommerce/assets/js/zoom/jquery.zoom.min5a35.js]
[localhost_8011/techsoft/wp-content/plugins/woocommerce/assets/js/flexslider/jquery.flexslider.mineed8.js]
[localhost_8011/techsoft/wp-content/plugins/woocommerce/assets/js/photoswipe/photoswipe.min0235.js]
[localhost_8011/techsoft/wp-content/plugins/woocommerce/assets/js/photoswipe/photoswipe-ui-default.min0235.js]
[localhost_8011/techsoft/wp-content/plugins/woocommerce/assets/js/frontend/single-product.min9a8d.js]
[localhost_8011/techsoft/product/chicken-in-teriyaki-sauce/index.html]
[localhost_8011/techsoft/shop/indexe526.html]
[localhost_8011/techsoft/wp-json/wp/v2/product/194.json]
[localhost_8011/techsoft/product/chicken-nuggets-with-potato/feed/index.html]
[localhost_8011/techsoft/wp-json/oembed/1.0/embed9a6f.json]
[localhost_8011/techsoft/wp-json/oembed/1.0/embed8e84]
[localhost_8011/techsoft/product/chicken-nuggets-with-potato/index.html]
[localhost_8011/techsoft/shop/indexb131.html]
[localhost_8011/techsoft/product/grilled-and-fried-chicken/feed/index.html]
[localhost_8011/techsoft/wp-json/wp/v2/product/200.json]
[localhost_8011/techsoft/wp-json/oembed/1.0/embedd5ef.json]
[localhost_8011/techsoft/wp-json/oembed/1.0/embedf5ee]
[localhost_8011/techsoft/wp-content/uploads/2018/10/food6-free-img.png]
[localhost_8011/techsoft/wp-content/uploads/2021/05/food6-free-img-300x300.png]
[localhost_8011/techsoft/product/grilled-and-fried-chicken/index.html]
[localhost_8011/techsoft/shop/index2fff.html]
[localhost_8011/techsoft/wp-json/wp/v2/product/197.json]
[localhost_8011/techsoft/wp-json/oembed/1.0/embedc42b.json]
[localhost_8011/techsoft/product/grilled-mackerel-steak/feed/index.html]
[localhost_8011/techsoft/wp-json/oembed/1.0/embeda303]
[localhost_8011/techsoft/wp-content/uploads/2018/10/food3-free-img.png]
[localhost_8011/techsoft/product/grilled-mackerel-steak/index.html]
[localhost_8011/techsoft/shop/indexa3bf.html]
[localhost_8011/techsoft/wp-json/wp/v2/product/199.json]
[localhost_8011/techsoft/wp-json/oembed/1.0/embede01a.json]
[localhost_8011/techsoft/product/grilled-salmon-fillet-with-salad/feed/index.html]
[localhost_8011/techsoft/wp-json/oembed/1.0/embed9b71]
[localhost_8011/techsoft/product/grilled-salmon-fillet-with-salad/index.html]
[localhost_8011/techsoft/shop/index4bb2.html]
[localhost_8011/techsoft/wp-json/wp/v2/product/193.json]
[localhost_8011/techsoft/wp-json/oembed/1.0/embed863d.json]
[localhost_8011/techsoft/product/spaghetti-with-grilled-mackerel/feed/index.html]
[localhost_8011/techsoft/wp-json/oembed/1.0/embed1c4b]
[localhost_8011/techsoft/product/spaghetti-with-grilled-mackerel/index.html]
[localhost_8011/techsoft/shop/indexf8a0.html]
[localhost_8011/techsoft/wp-content/plugins/woocommerce/assets/css/select29a8d.css]
[localhost_8011/techsoft/index5a6a.html]
[localhost_8011/techsoft/wp-content/plugins/woocommerce/assets/js/frontend/lost-password.min9a8d.js]
[localhost_8011/techsoft/my-account/lost-password/index.html]
[localhost_8011/techsoft/index3b72.html]
[localhost_8011/techsoft/wp-content/plugins/wpforms-lite/assets/images/times-solid-white.svg]
[localhost_8011/techsoft/wp-content/plugins/woocommerce/assets/css/photoswipe/photoswipe.min9a8d.css]
[localhost_8011/techsoft/wp-content/plugins/woocommerce/assets/css/photoswipe/default-skin/preloader.gif]
[localhost_8011/techsoft/wp-content/plugins/woocommerce/assets/css/photoswipe/default-skin/default-skin.min9a8d.css]
[localhost_8011/techsoft/index78d6.html]
[localhost_8011/techsoft/product-category/uncategorized/index.html]
[localhost_8011/techsoft/product-category/uncategorized/feed/index.html]
[localhost_8011/techsoft/product/chicken-in-teriyaki-sauce/index4bb2.html]
[localhost_8011/techsoft/product/chicken-in-teriyaki-sauce/index2fff.html]
[localhost_8011/techsoft/product/chicken-in-teriyaki-sauce/indexa3bf.html]
[localhost_8011/techsoft/product/chicken-in-teriyaki-sauce/indexb131.html]
[localhost_8011/techsoft/wp-json/wp/v2/pages/190.json]
[localhost_8011/techsoft/wp-json/oembed/1.0/embed78a4.json]
[localhost_8011/techsoft/wp-json/oembed/1.0/embed5026]
[localhost_8011/techsoft/wp-content/plugins/woocommerce/assets/js/frontend/country-select.min9a8d.js]
[localhost_8011/techsoft/wp-content/plugins/woocommerce/assets/js/frontend/address-i18n.min9a8d.js]
[localhost_8011/techsoft/wp-content/plugins/woocommerce/assets/js/frontend/cart.min9a8d.js]
[localhost_8011/techsoft/cart/index.html]
[localhost_8011/techsoft/indexc8fa.html]
[localhost_8011/techsoft/product/chicken-nuggets-with-potato/indexa3bf.html]
[localhost_8011/techsoft/product/chicken-nuggets-with-potato/index2fff.html]
[localhost_8011/techsoft/product/chicken-nuggets-with-potato/indexe526.html]
[localhost_8011/techsoft/product/chicken-nuggets-with-potato/index4bb2.html]
[localhost_8011/techsoft/indexdc0d.html]
[localhost_8011/techsoft/product/grilled-and-fried-chicken/index4bb2.html]
[localhost_8011/techsoft/product/grilled-and-fried-chicken/indexe526.html]
[localhost_8011/techsoft/product/grilled-and-fried-chicken/indexf8a0.html]
[localhost_8011/techsoft/product/grilled-and-fried-chicken/indexb131.html]
[localhost_8011/techsoft/index85b3.html]
[localhost_8011/techsoft/product/grilled-mackerel-steak/indexe526.html]
[localhost_8011/techsoft/product/grilled-mackerel-steak/index4bb2.html]
[localhost_8011/techsoft/product/grilled-mackerel-steak/index2fff.html]
[localhost_8011/techsoft/product/grilled-mackerel-steak/indexb131.html]
[localhost_8011/techsoft/index5051.html]
[localhost_8011/techsoft/product/grilled-salmon-fillet-with-salad/indexb131.html]
[localhost_8011/techsoft/product/grilled-salmon-fillet-with-salad/index2fff.html]
[localhost_8011/techsoft/product/grilled-salmon-fillet-with-salad/indexf8a0.html]
[localhost_8011/techsoft/product/grilled-salmon-fillet-with-salad/indexe526.html]
[localhost_8011/techsoft/index28c5.html]
[localhost_8011/techsoft/product/spaghetti-with-grilled-mackerel/indexa3bf.html]
[localhost_8011/techsoft/product/spaghetti-with-grilled-mackerel/index4bb2.html]
[localhost_8011/techsoft/product/spaghetti-with-grilled-mackerel/indexe526.html]
[localhost_8011/techsoft/wp-content/plugins/woocommerce/assets/css/photoswipe/default-skin/default-skin.svg]
[localhost_8011/techsoft/product-category/uncategorized/indexe526.html]
[localhost_8011/techsoft/product-category/uncategorized/indexb131.html]
[localhost_8011/techsoft/product-category/uncategorized/index2fff.html]
[localhost_8011/techsoft/product-category/uncategorized/indexa3bf.html]
[localhost_8011/techsoft/product-category/uncategorized/index4bb2.html]
[localhost_8011/techsoft/product-category/uncategorized/indexf8a0.html]
[localhost_8011/techsoft/product/chicken-in-teriyaki-sauce/indexf8a0.html]
[localhost_8011/techsoft/index261b.html]
[localhost_8011/techsoft/cart/indexf9be.html]
[localhost_8011/techsoft/cart/index31b6.html]
[localhost_8011/techsoft/cart/indexe3d0.html]
[localhost_8011/techsoft/cart/index1e84.html]
[localhost_8011/techsoft/cart/index347e.html]
[localhost_8011/techsoft/cart/indexd0fa.html]
[localhost_8011/techsoft/checkout/index.html]
[localhost_8011/techsoft/product/chicken-nuggets-with-potato/indexf8a0.html]
[localhost_8011/techsoft/product/grilled-and-fried-chicken/indexa3bf.html]
[localhost_8011/techsoft/product/grilled-mackerel-steak/indexf8a0.html]
[localhost_8011/techsoft/product/grilled-salmon-fillet-with-salad/indexa3bf.html]
[localhost_8011/techsoft/product/spaghetti-with-grilled-mackerel/index2fff.html]
[localhost_8011/techsoft/product/spaghetti-with-grilled-mackerel/indexb131.html]
[localhost_8011/techsoft/cart/indexaafe.html]
[localhost_8011/techsoft/my-account/indexe8fe.html]
[localhost_8011/techsoft/cart/indexc581.html]
[localhost_8011/techsoft/cart/indexe423.html]
[localhost_8011/techsoft/cart/index531a.html]
[localhost_8011/techsoft/cart/index3905.html]
